// Jest Snapshot v1, https://goo.gl/fbAQLP

exports[`ComponentAPISection renders section as expected 1`] = `
<DocumentFragment>
  .emotion-0 {
  margin-top: -24px;
  padding-top: 24px;
}

@media screen and (max-width: 767px) {
  .emotion-1 {
    margin-bottom: 24px;
  }
}

@media screen and (min-width: 768px) {
  .emotion-1 {
    margin-bottom: 32px;
  }
}

.emotion-2 {
  display: -webkit-box;
  display: -webkit-flex;
  display: -ms-flexbox;
  display: flex;
  height: 100%;
  -webkit-align-items: center;
  -webkit-box-align: center;
  -ms-flex-align: center;
  align-items: center;
  -webkit-flex-direction: row;
  -ms-flex-direction: row;
  flex-direction: row;
  -webkit-box-pack: justify;
  -webkit-justify-content: space-between;
  justify-content: space-between;
  padding: 0;
  background-color: transparent;
}

.emotion-4 {
  padding: 1px 0px;
}

@media screen and (max-width: 767px) {
  .emotion-4 {
    font-family: "Poppins",sans-serif;
    font-size: 24px;
    line-height: 1.1666666666666667;
    font-weight: 700;
    letter-spacing: -0.5px;
  }

  .emotion-4::before {
    content: '';
    display: block;
    height: 0;
    width: 0;
    margin-bottom: -0.2645833333333334em;
  }

  .emotion-4::after {
    content: '';
    display: block;
    height: 0;
    width: 0;
    margin-top: -0.2645833333333334em;
  }
}

@media screen and (min-width: 768px) {
  .emotion-4 {
    font-family: "Poppins",sans-serif;
    font-size: 28px;
    line-height: 1.1428571428571428;
    font-weight: 700;
    letter-spacing: -0.5px;
  }

  .emotion-4::before {
    content: '';
    display: block;
    height: 0;
    width: 0;
    margin-bottom: -0.2526785714285714em;
  }

  .emotion-4::after {
    content: '';
    display: block;
    height: 0;
    width: 0;
    margin-top: -0.2526785714285714em;
  }
}

.emotion-5 {
  display: inline;
  font: inherit;
  margin: 0;
  color: #0A0A0A;
}

.emotion-5 svg {
  fill: #0A0A0A;
}

@media screen and (max-width: 1023px) {
  .emotion-6 {
    margin-bottom: 48px;
  }
}

@media screen and (min-width: 1024px) {
  .emotion-6 {
    margin-bottom: 80px;
  }
}

.emotion-7 {
  margin: 0;
  padding: 1px 0;
  color: #2E2E2E;
  font-family: "Poppins",sans-serif;
  font-size: 20px;
  line-height: 1.6;
  font-weight: 500;
  letter-spacing: -0.5px;
}

.emotion-7 svg {
  fill: #2E2E2E;
}

.emotion-7::before {
  content: '';
  display: block;
  height: 0;
  width: 0;
  margin-bottom: -0.48125000000000007em;
}

.emotion-7::after {
  content: '';
  display: block;
  height: 0;
  width: 0;
  margin-top: -0.48125000000000007em;
}

@media screen and (max-width: 767px) {
  .emotion-9 {
    margin-bottom: 16px;
  }
}

@media screen and (min-width: 768px) {
  .emotion-9 {
    margin-bottom: 20px;
  }
}

.emotion-10 {
  margin: 0;
  padding: 1px 0;
  color: #0A0A0A;
  display: inline-block;
}

.emotion-10 svg {
  fill: #0A0A0A;
}

@media screen and (max-width: 1439px) {
  .emotion-10 {
    font-family: "Poppins",sans-serif;
    font-size: 20px;
    line-height: 1.2;
    font-weight: 700;
    letter-spacing: -0.5px;
  }

  .emotion-10::before {
    content: '';
    display: block;
    height: 0;
    width: 0;
    margin-bottom: -0.28125em;
  }

  .emotion-10::after {
    content: '';
    display: block;
    height: 0;
    width: 0;
    margin-top: -0.28125em;
  }
}

@media screen and (min-width: 1440px) {
  .emotion-10 {
    font-family: "Poppins",sans-serif;
    font-size: 22px;
    line-height: 1.0909090909090908;
    font-weight: 700;
    letter-spacing: -0.5px;
  }

  .emotion-10::before {
    content: '';
    display: block;
    height: 0;
    width: 0;
    margin-bottom: -0.22670454545454544em;
  }

  .emotion-10::after {
    content: '';
    display: block;
    height: 0;
    width: 0;
    margin-top: -0.22670454545454544em;
  }
}

.emotion-11 {
  margin-bottom: 40px;
}

.emotion-12 {
  margin: 0;
  padding: 1px 0;
  color: #2E2E2E;
}

.emotion-12 svg {
  fill: #2E2E2E;
}

@media screen and (max-width: 1439px) {
  .emotion-12 {
    font-family: "DM Sans",sans-serif;
    font-size: 16px;
    line-height: 1.5;
    font-weight: 400;
    letter-spacing: -0.5px;
  }

  .emotion-12::before {
    content: '';
    display: block;
    height: 0;
    width: 0;
    margin-bottom: -0.43125em;
  }

  .emotion-12::after {
    content: '';
    display: block;
    height: 0;
    width: 0;
    margin-top: -0.43125em;
  }
}

@media screen and (min-width: 1440px) {
  .emotion-12 {
    font-family: "DM Sans",sans-serif;
    font-size: 18px;
    line-height: 1.5555555555555556;
    font-weight: 400;
    letter-spacing: -0.5px;
  }

  .emotion-12::before {
    content: '';
    display: block;
    height: 0;
    width: 0;
    margin-bottom: -0.4590277777777778em;
  }

  .emotion-12::after {
    content: '';
    display: block;
    height: 0;
    width: 0;
    margin-top: -0.4590277777777778em;
  }
}

<div
    data-comp="NewsKit Cell"
    data-props="{
  \\"xs\\": 12
}"
    data-testid="Cell"
  >
    <section
      class="emotion-0"
      data-toc-indexed="API"
      id="component-api"
    >
      <div
        data-comp="NewsKit Grid"
        data-props="{
  \\"xsMargin\\": \\"space000\\",
  \\"xsRowGutter\\": \\"space000\\"
}"
        data-testid="Grid"
      >
        <div
          data-comp="NewsKit Cell"
          data-props="{
  \\"xs\\": 12,
  \\"md\\": 8,
  \\"lg\\": 10,
  \\"xl\\": 8,
  \\"mdOffset\\": 1
}"
          data-testid="Cell"
        >
          <div
            class="emotion-1"
          >
            <div
              class="emotion-2"
            >
              <div
                class="emotion-3"
              >
                <section
                  class="emotion-4"
                >
                  <h2
                    class="nk-headline-heading emotion-5"
                  >
                    API
                  </h2>
                </section>
              </div>
            </div>
          </div>
          <div
            class="emotion-6"
          >
            <p
              class="emotion-7"
            >
              component api introduction text goes here
            </p>
          </div>
        </div>
        <div
          data-comp="NewsKit Cell"
          data-props="{
  \\"xs\\": 12,
  \\"mdOffset\\": 1,
  \\"md\\": 10,
  \\"xl\\": 8
}"
          data-testid="Cell"
        />
        <div
          data-comp="NewsKit Cell"
          data-props="{
  \\"xs\\": 12,
  \\"md\\": 10,
  \\"lg\\": 10,
  \\"xl\\": 8,
  \\"mdOffset\\": 1
}"
          data-testid="Cell"
        >
          <div
            class="emotion-3"
          >
            <div
              class="emotion-9"
            >
              <span
                class="emotion-10"
              >
                Component
              </span>
            </div>
            <div
              class="emotion-11"
            >
              <p
                class="emotion-12"
              >
                Summary for the component variant
              </p>
            </div>
            <div
              data-comp="NewsKit Tabs"
              data-props="{
  \\"size\\": \\"medium\\"
}"
              data-testid="Tabs"
            >
              <div
                data-comp="NewsKit Tab"
                data-props="{
  \\"label\\": \\"Props\\",
  \\"overrides\\": {
    \\"typographyPreset\\": \\"utilityButton020\\",
    \\"stylePreset\\": \\"componentPageTabs\\"
  }
}"
                data-testid="Tab"
              >
                <div>
                  Table Component with props:{
  "columns": [
    "Name",
    "Type",
    "Default",
    "Description",
    "Required"
  ],
  "rows": [
    {
      "name": "children",
      "type": "string",
      "required": true,
      "description": {
        "key": null,
        "ref": null,
        "props": {
          "children": "The content of the Component is passed as the children."
        },
        "_owner": null,
        "_store": {}
      }
    }
  ]
}
                </div>
              </div>
              <div
                data-comp="NewsKit Tab"
                data-props="{
  \\"label\\": \\"Overrides\\",
  \\"overrides\\": {
    \\"typographyPreset\\": \\"utilityButton020\\",
    \\"stylePreset\\": \\"componentPageTabs\\"
  }
}"
                data-testid="Tab"
              >
                <div>
                  Table Component with props:{
  "columns": [
    "Attribute",
    "Type",
    "Default",
    "Description"
  ],
  "rows": [
    {
      "attribute": "spaceInset",
      "type": "MQ&lt;string&gt;",
      "description": "If provided, this overrides the padding of the Component."
    }
  ]
}
                </div>
              </div>
            </div>
          </div>
        </div>
      </div>
    </section>
  </div>
  @media screen and (max-width: 767px) {
  .emotion-0 {
    margin-top: 64px;
  }
}

@media screen and (min-width: 768px) {
  .emotion-0 {
    margin-top: 80px;
  }
}

@media screen and (max-width: 767px) {
  .emotion-0 {
    margin-bottom: 40px;
  }
}

@media screen and (min-width: 768px) {
  .emotion-0 {
    margin-bottom: 80px;
  }
}

.emotion-1 {
  border-style: solid;
  border-color: #E4E4E4;
  border-width: 1px;
  border-width: 0px;
  margin: 0;
  border-top-width: 1px;
  width: 100%;
}

<div
    data-comp="NewsKit Cell"
    data-props="{
  \\"xs\\": 12,
  \\"md\\": 10,
  \\"lg\\": 10,
  \\"xl\\": 8,
  \\"mdOffset\\": 1
}"
    data-testid="Cell"
  >
    <div
      class="emotion-0"
    >
      <hr
        aria-hidden="true"
        class="emotion-1"
        data-testid="divider"
      />
    </div>
  </div>
</DocumentFragment>
`;
