// Jest Snapshot v1, https://goo.gl/fbAQLP

exports[`BaseFlag renders with default styles 1`] = `
<DocumentFragment>
  .emotion-2 {
  box-sizing: border-box;
  display: inline-block;
  -webkit-text-decoration: none;
  text-decoration: none;
  cursor: default;
}

.emotion-1 {
  display: -webkit-box;
  display: -webkit-flex;
  display: -ms-flexbox;
  display: flex;
  height: 100%;
  -webkit-align-items: center;
  -webkit-box-align: center;
  -ms-flex-align: center;
  align-items: center;
  -webkit-flex-direction: row;
  -ms-flex-direction: row;
  flex-direction: row;
  -webkit-box-pack: center;
  -webkit-justify-content: center;
  -ms-flex-pack: center;
  justify-content: center;
  margin-left: calc(-4px/2);
  margin-right: calc(-4px/2);
}

.emotion-0 {
  display: -webkit-inline-box;
  display: -webkit-inline-flex;
  display: -ms-inline-flexbox;
  display: inline-flex;
  margin-left: calc(4px/2);
  margin-right: calc(4px/2);
}

<div
    class="emotion-2"
  >
    <div
      class="emotion-1"
    >
      <div
        class="emotion-0"
      >
        Text
      </div>
    </div>
  </div>
</DocumentFragment>
`;
