// Jest Snapshot v1, https://goo.gl/fbAQLP

exports[`RelatedComponentsSection renders a RelatedComp with its data coming from routes 1`] = `
<DocumentFragment>
  .emotion-0 {
  box-sizing: border-box;
  -webkit-background-clip: padding-box;
  background-clip: padding-box;
  -webkit-flex: 1 0 auto;
  -ms-flex: 1 0 auto;
  flex: 1 0 auto;
}

@media screen {
  .emotion-0 {
    padding: 0 8px;
    margin-top: 16px;
    -webkit-flex-basis: 100%;
    -ms-flex-preferred-size: 100%;
    flex-basis: 100%;
    max-width: 100%;
  }
}

@media screen and (min-width: 768px) {
  .emotion-0 {
    margin-left: 8.333333333333334%;
    -webkit-flex-basis: 66.66666666666667%;
    -ms-flex-preferred-size: 66.66666666666667%;
    flex-basis: 66.66666666666667%;
    max-width: 66.66666666666667%;
  }
}

@media screen and (min-width: 1024px) {
  .emotion-0 {
    padding: 0 12px;
    margin-top: 24px;
    -webkit-flex-basis: 50%;
    -ms-flex-preferred-size: 50%;
    flex-basis: 50%;
    max-width: 50%;
  }
}

.emotion-1 {
  margin-bottom: 32px;
}

.emotion-2 {
  display: -webkit-box;
  display: -webkit-flex;
  display: -ms-flexbox;
  display: flex;
  height: 100%;
  -webkit-align-items: center;
  -webkit-box-align: center;
  -ms-flex-align: center;
  align-items: center;
  -webkit-flex-direction: row;
  -ms-flex-direction: row;
  flex-direction: row;
  -webkit-box-pack: justify;
  -webkit-justify-content: space-between;
  justify-content: space-between;
  padding: 0;
  background-color: transparent;
}

.emotion-4 {
  padding: 1px 0px;
}

@media screen and (max-width: 767px) {
  .emotion-4 {
    font-family: 'Poppins',sans-serif;
    font-size: 28px;
    line-height: 1.2857142857142858;
    font-weight: 700;
    letter-spacing: 0;
  }

  .emotion-4::before {
    content: '';
    display: block;
    height: 0;
    width: 0;
    margin-bottom: -0.2772321428571429em;
  }

  .emotion-4::after {
    content: '';
    display: block;
    height: 0;
    width: 0;
    margin-top: -0.4178571428571429em;
  }
}

@media screen and (min-width: 768px) {
  .emotion-4 {
    font-family: 'Poppins',sans-serif;
    font-size: 40px;
    line-height: 1.2;
    font-weight: 700;
    letter-spacing: 0;
  }

  .emotion-4::before {
    content: '';
    display: block;
    height: 0;
    width: 0;
    margin-bottom: -0.234375em;
  }

  .emotion-4::after {
    content: '';
    display: block;
    height: 0;
    width: 0;
    margin-top: -0.375em;
  }
}

.emotion-5 {
  display: inline;
  font: inherit;
  margin: 0;
  color: #162740;
}

.emotion-5 svg {
  fill: #162740;
}

.emotion-6 {
  margin-bottom: 40px;
}

.emotion-7 {
  margin: 0;
  padding: 1px 0;
  color: #555E74;
  font-family: 'Poppins',sans-serif;
  font-size: 20px;
  line-height: 1.6;
  font-weight: 500;
  letter-spacing: 0;
}

.emotion-7 svg {
  fill: #555E74;
}

.emotion-7::before {
  content: '';
  display: block;
  height: 0;
  width: 0;
  margin-bottom: -0.43437500000000007em;
}

.emotion-7::after {
  content: '';
  display: block;
  height: 0;
  width: 0;
  margin-top: -0.5750000000000001em;
}

<div
    class="emotion-0"
  >
    <div
      class="emotion-1"
    >
      <div
        class="emotion-2"
      >
        <div
          class="emotion-3"
        >
          <section
            class="emotion-4"
          >
            <h2
              class="nk-headline-heading emotion-5"
            >
              Related Components
            </h2>
          </section>
        </div>
      </div>
    </div>
    <div
      class="emotion-6"
    >
      <p
        class="emotion-7"
      >
        introduction
      </p>
    </div>
  </div>
  .emotion-0 {
  box-sizing: border-box;
  -webkit-background-clip: padding-box;
  background-clip: padding-box;
  -webkit-flex: 1 0 auto;
  -ms-flex: 1 0 auto;
  flex: 1 0 auto;
}

@media screen {
  .emotion-0 {
    padding: 0 8px;
    margin-top: 16px;
    -webkit-flex-basis: 100%;
    -ms-flex-preferred-size: 100%;
    flex-basis: 100%;
    max-width: 100%;
  }
}

@media screen and (min-width: 768px) {
  .emotion-0 {
    margin-left: 8.333333333333334%;
    -webkit-flex-basis: 83.33333333333334%;
    -ms-flex-preferred-size: 83.33333333333334%;
    flex-basis: 83.33333333333334%;
    max-width: 83.33333333333334%;
  }
}

@media screen and (min-width: 1024px) {
  .emotion-0 {
    padding: 0 12px;
    margin-top: 24px;
    -webkit-flex-basis: 66.66666666666667%;
    -ms-flex-preferred-size: 66.66666666666667%;
    flex-basis: 66.66666666666667%;
    max-width: 66.66666666666667%;
  }
}

<div
    class="emotion-0"
  />
  .emotion-0 {
  box-sizing: border-box;
  -webkit-background-clip: padding-box;
  background-clip: padding-box;
  -webkit-flex: 1 0 auto;
  -ms-flex: 1 0 auto;
  flex: 1 0 auto;
}

@media screen {
  .emotion-0 {
    padding: 0 8px;
    margin-top: 16px;
    -webkit-flex-basis: 100%;
    -ms-flex-preferred-size: 100%;
    flex-basis: 100%;
    max-width: 100%;
  }
}

@media screen and (min-width: 768px) {
  .emotion-0 {
    margin-left: 8.333333333333334%;
    -webkit-flex-basis: 83.33333333333334%;
    -ms-flex-preferred-size: 83.33333333333334%;
    flex-basis: 83.33333333333334%;
    max-width: 83.33333333333334%;
  }
}

@media screen and (min-width: 1024px) {
  .emotion-0 {
    padding: 0 12px;
    margin-top: 24px;
    -webkit-flex-basis: 66.66666666666667%;
    -ms-flex-preferred-size: 66.66666666666667%;
    flex-basis: 66.66666666666667%;
    max-width: 66.66666666666667%;
  }
}

.emotion-1 {
  margin-bottom: 120px;
}

.emotion-2 {
  width: 100%;
  max-width: 1920px;
  margin: 0 auto;
}

.emotion-3 {
  box-sizing: border-box;
  -webkit-background-clip: padding-box;
  background-clip: padding-box;
  display: -webkit-box;
  display: -webkit-flex;
  display: -ms-flexbox;
  display: flex;
  -webkit-box-flex-wrap: wrap;
  -webkit-flex-wrap: wrap;
  -ms-flex-wrap: wrap;
  flex-wrap: wrap;
  -webkit-flex-direction: row;
  -ms-flex-direction: row;
  flex-direction: row;
}

@media screen {
  .emotion-3 {
    margin: -48px -8px 0 -8px;
  }
}

@media screen and (min-width: 480px) {
  .emotion-3 {
    margin: -48px -8px 0 -8px;
  }
}

@media screen and (min-width: 768px) {
  .emotion-3 {
    margin: -48px -8px 0 -8px;
  }
}

@media screen and (min-width: 1024px) {
  .emotion-3 {
    margin: -48px -12px 0 -12px;
  }
}

@media screen and (min-width: 1440px) {
  .emotion-3 {
    margin: -48px -12px 0 -12px;
  }
}

.emotion-4 {
  box-sizing: border-box;
  -webkit-background-clip: padding-box;
  background-clip: padding-box;
  -webkit-flex: 1 0 auto;
  -ms-flex: 1 0 auto;
  flex: 1 0 auto;
}

@media screen {
  .emotion-4 {
    padding: 0 8px;
    margin-top: 48px;
    -webkit-flex-basis: 100%;
    -ms-flex-preferred-size: 100%;
    flex-basis: 100%;
    max-width: 100%;
  }
}

@media screen and (min-width: 768px) {
  .emotion-4 {
    -webkit-flex-basis: 50%;
    -ms-flex-preferred-size: 50%;
    flex-basis: 50%;
    max-width: 50%;
  }
}

@media screen and (min-width: 1024px) {
  .emotion-4 {
    padding: 0 12px;
  }
}

@media screen and (min-width: 1440px) {
  .emotion-4 {
    -webkit-flex-basis: 25%;
    -ms-flex-preferred-size: 25%;
    flex-basis: 25%;
    max-width: 25%;
  }
}

.emotion-5 {
  box-sizing: border-box;
  overflow: hidden;
  border-style: solid;
  border-radius: 12px;
  border-width: 1px;
  border-color: #EBEBEB;
  position: relative;
  display: -webkit-box;
  display: -webkit-flex;
  display: -ms-flexbox;
  display: flex;
  -webkit-flex-direction: column;
  -ms-flex-direction: column;
  flex-direction: column;
  transition-property: box-shadow;
  transition-duration: 300ms;
  transition-timing-function: cubic-bezier(0, 0, .5, 1);
  height: 100%;
}

.emotion-5:hover:not(:disabled) {
  box-shadow: 0 2px 4px 0 rgba(40,41,61,0.04),0 8px 16px 0 rgba(96,97,112,0.16);
}

.emotion-6 {
  box-sizing: border-box;
  display: block;
  position: relative;
  margin-bottom: 0;
}

@media all and (-ms-high-contrast: none), (-ms-high-contrast: active) {
  .emotion-6 {
    min-height: 1px;
  }
}

.emotion-7 {
  width: 100%;
}

.emotion-8 {
  border-radius: 8px;
  position: relative;
  width: 100%;
  padding-top: 66%;
  height: 0;
  border-radius: 8px;
  background-color: #F4F4F4;
}

.emotion-8 svg {
  fill: #BBC3C9;
}

.emotion-9 {
  top: 0;
  left: 0;
  position: absolute;
  display: -webkit-box;
  display: -webkit-flex;
  display: -ms-flexbox;
  display: flex;
  -webkit-flex-direction: column;
  -ms-flex-direction: column;
  flex-direction: column;
  -webkit-box-pack: center;
  -ms-flex-pack: center;
  -webkit-justify-content: center;
  justify-content: center;
  width: 100%;
  height: 100%;
  margin: 0;
}

.emotion-10 {
  display: none;
  height: auto;
  width: 100%;
  -webkit-animation: fadeIn 300ms;
  animation: fadeIn 300ms;
  border-radius: inherit;
}

.emotion-11 {
  box-sizing: border-box;
}

.emotion-12 {
  box-sizing: border-box;
  color: inherit;
  padding: 24px;
}

.emotion-12 a:not(.nk-card-link) {
  z-index: 2;
  position: relative;
}

.emotion-13 {
  margin-bottom: 20px;
}

.emotion-14 {
  -webkit-text-decoration: none;
  text-decoration: none;
  border: none;
}

.emotion-14 .nk-headline-kicker {
  color: #577FFB;
}

.emotion-14:hover:not(:disabled) .nk-headline-kicker {
  color: #3358CC;
  -webkit-text-decoration: underline;
  text-decoration: underline;
}

.emotion-14:active:not(:disabled) .nk-headline-kicker {
  color: #213A82;
  -webkit-text-decoration: underline;
  text-decoration: underline;
}

.emotion-14:visited:not(:disabled) .nk-headline-kicker {
  color: #503B8C;
}

.emotion-14 .nk-headline-heading {
  color: #162740;
}

.emotion-14 .nk-headline-heading svg {
  fill: #162740;
}

.emotion-14:before {
  content: '';
  top: 0;
  right: 0;
  bottom: 0;
  left: 0;
  overflow: hidden;
  position: absolute;
  z-index: 1;
}

.emotion-15 {
  font-family: 'Poppins',sans-serif;
  font-size: 24px;
  line-height: 1.3333333333333333;
  font-weight: 700;
  letter-spacing: 0;
  padding: 1px 0px;
}

.emotion-15::before {
  content: '';
  display: block;
  height: 0;
  width: 0;
  margin-bottom: -0.30104166666666665em;
}

.emotion-15::after {
  content: '';
  display: block;
  height: 0;
  width: 0;
  margin-top: -0.44166666666666665em;
}

.emotion-16 {
  display: inline;
  font: inherit;
  margin: 0;
  color: #162740;
}

.emotion-16 svg {
  fill: #162740;
}

.emotion-17 {
  margin: 0;
  padding: 1px 0;
  color: #555E74;
  font-family: 'DM Sans',sans-serif;
  font-size: 16px;
  line-height: 1.5;
  font-weight: 400;
  letter-spacing: 0;
}

.emotion-17 svg {
  fill: #555E74;
}

.emotion-17::before {
  content: '';
  display: block;
  height: 0;
  width: 0;
  margin-bottom: -0.415625em;
}

.emotion-17::after {
  content: '';
  display: block;
  height: 0;
  width: 0;
  margin-top: -0.446875em;
}

<div
    class="emotion-0"
  >
    <div
      class="emotion-1"
    >
      <div
        class="emotion-2"
      >
        <div
          class="emotion-3"
        >
          <div
            class="emotion-4"
          >
            <div
              class="emotion-5"
            >
              <div
                class="emotion-6"
              >
                <div
                  class="emotion-7"
                >
                  <div
                    class="emotion-8"
                  >
                    <div
                      class="emotion-9"
                    />
                    <img
                      alt=""
                      class="emotion-10"
                      src="/static/placeholder-16x9.png"
                    />
                  </div>
                </div>
              </div>
              <div
                class="emotion-11"
              >
                <div
                  class="emotion-12"
                >
                  <div
                    class="emotion-13"
                  >
                    <a
                      class="nk-card-link emotion-14"
                      href="/group/page/related"
                    >
                      <section
                        class="emotion-15"
                      >
                        <h1
                          class="nk-headline-heading emotion-16"
                        >
                          RelatedComp
                        </h1>
                      </section>
                    </a>
                  </div>
                  <p
                    class="emotion-17"
                  >
                    Here lies the description for the related component
                  </p>
                </div>
              </div>
            </div>
          </div>
        </div>
      </div>
    </div>
  </div>
</DocumentFragment>
`;
